<html>
<body>
<pre>
<h1>µVision Build Log</h1>
<h2>Tool Versions:</h2>
IDE-Version: µVision V5.38.0.0
Copyright (C) 2022 ARM Ltd and ARM Germany GmbH. All rights reserved.
License Information: Roberta Diaferia, Politecnico di Bari, LIC=R7GFS-5SYEZ-J8MFE-IKG6S-MI3FH-TZ58F
 
Tool Versions:
Toolchain:       MDK-ARM Community  Version: 5.38.0.0
Toolchain Path:  C:\Keil_v5\ARM\ARMCLANG\Bin
C Compiler:      ArmClang.exe V6.19
Assembler:       Armasm.exe V6.19
Linker/Locator:  ArmLink.exe V6.19
Library Manager: ArmAr.exe V6.19
Hex Converter:   FromElf.exe V6.19
CPU DLL:         SARMCM3.DLL V5.38.0.0
Dialog DLL:      DARMCM1.DLL V1.19.6.0
Target DLL:      STLink\ST-LINKIII-KEIL_SWO.dll V3.1.0.0
Dialog DLL:      TARMCM1.DLL V1.14.6.0
 
<h2>Project:</h2>
C:\Users\diaferia\STM32CubeIDE\workspace_1.13.2\testPin-C011F6\MDK-ARM\testPin-C011F6.uvprojx
Project File Date:  07/09/2024

<h2>Output:</h2>
*** Using Compiler 'V6.19', folder: 'C:\Keil_v5\ARM\ARMCLANG\Bin'
Rebuild target 'testPin-C011F6'
assembling startup_stm32c011xx.s...
compiling stm32c0xx_hal_msp.c...
compiling stm32c0xx_hal_adc_ex.c...
compiling stm32c0xx_hal_dma_ex.c...
compiling stm32c0xx_hal_flash.c...
compiling stm32c0xx_it.c...
compiling main.c...
compiling stm32c0xx_hal_rcc_ex.c...
compiling stm32c0xx_hal.c...
compiling stm32c0xx_hal_rcc.c...
compiling stm32c0xx_hal_dma.c...
compiling stm32c0xx_hal_flash_ex.c...
compiling stm32c0xx_hal_gpio.c...
compiling stm32c0xx_hal_pwr.c...
compiling stm32c0xx_hal_pwr_ex.c...
compiling stm32c0xx_hal_cortex.c...
compiling stm32c0xx_hal_adc.c...
compiling stm32c0xx_hal_exti.c...
compiling system_stm32c0xx.c...
compiling stm32c0xx_hal_i2c_ex.c...
compiling uart_trace.c...
compiling stm32c0xx_hal_uart_ex.c...
compiling stm32c0xx_hal_uart.c...
compiling stm32c0xx_hal_i2c.c...
linking...
Program Size: Code=19124 RO-data=912 RW-data=12 ZI-data=2572  
FromELF: creating hex file...
"testPin-C011F6\testPin-C011F6.axf" - 0 Error(s), 0 Warning(s).

<h2>Software Packages used:</h2>

Package Vendor: ARM
                http://www.keil.com/pack/ARM.CMSIS.5.9.0.pack
                ARM.CMSIS.5.9.0
                CMSIS (Common Microcontroller Software Interface Standard)
   * Component: CORE Version: 5.6.0

Package Vendor: Keil
                https://www.keil.com/pack/Keil.STM32C0xx_DFP.1.0.0.pack
                Keil.STM32C0xx_DFP.1.0.0
                STMicroelectronics STM32C0 Series Device Support

<h2>Collection of Component include folders:</h2>
  ./RTE/_testPin-C011F6
  C:/Users/diaferia/AppData/Local/Arm/Packs/ARM/CMSIS/5.9.0/CMSIS/Core/Include
  C:/Users/diaferia/AppData/Local/Arm/Packs/Keil/STM32C0xx_DFP/1.0.0/Drivers/CMSIS/Device/ST/STM32C0xx/Include

<h2>Collection of Component Files used:</h2>

   * Component: ARM::CMSIS:CORE:5.6.0
      Include file:  CMSIS/Core/Include/tz_context.h
Build Time Elapsed:  00:00:01
</pre>
</body>
</html>
